{
  "type": "HTTP",
  "action": "action",
  "isDefault": false,
  "name": "name",
  "predicate": "predicate"
}