{
  "type": "HTTP",
  "action": "action",
  "id": 1,
  "isDefault": true,
  "name": "name",
  "predicate": "updatedPredicate",
  "url": "null",
  "uuid": "5ce891dc-b61e-4e8a-b183-21b58c31ba66",
  "variables": [
    {
      "name": "var1",
      "value": "value"
    },
    {
      "name": "var2",
      "value": "value"
    }
  ]
}