{
  "data": {
    "updateScenario": {
      "scenarioType": "HTTP",
      "name": "updatedName",
      "uuid": "5ce891dc-b61e-4e8a-b183-21b58c31ba66",
      "isDefault": false,
      "variables": [
        {
          "name": "updatedName",
          "value": "updatedValue"
        }
      ],
      "url": "updatedUrl"
    }
  }
}