{
  "data": {
    "getAllScenarios": [
      {
        "scenarioType": "HTTP",
        "name": "name",
        "uuid": "5ce891dc-b61e-4e8a-b183-21b58c31ba66",
        "isDefault": false,
        "variables": [
          {
            "name": "var1",
            "value": "value"
          }
        ],
        "url": "null"
      },
      {
        "scenarioType": "HTTP",
        "name": "name",
        "uuid": "5ce891dc-b61e-4e8a-b183-21b58c31ba66",
        "isDefault": false,
        "variables": [
          {
            "name": "var1",
            "value": "value"
          }
        ],
        "url": "null"
      }
    ]
  }
}